/* GNU ld version script for the public LibreSCRS_*.so libraries.
 * Whitelists LM-public C++ namespaces; everything else (bundled OpenSSL,
 * libresign internals, vendored nlohmann/miniz/pugixml, std-template
 * instantiations on internal types) collapses to local linkage.
 * See lib/LibreSCRS/CMakeLists.txt for full rationale.
 *
 * Syntax: GNU ld 2.46 — `extern "C++"` block matches against demangled
 * names; the `Foo::*;` glob covers free functions, methods, types, vtable,
 * typeinfo entries — everything tagged with namespace `Foo::`.
 */

LM_4 {
    global:
        extern "C++" {
            /* Wildcard prefix matches both bare names
             *     `LibreSCRS::Foo::bar(...)`
             * and Itanium-ABI RTTI / vtable artefacts demangled as
             *     `typeinfo for LibreSCRS::Foo`
             *     `typeinfo name for LibreSCRS::Foo`
             *     `vtable for LibreSCRS::Foo`
             *     `VTT for LibreSCRS::Foo`
             *     `construction vtable for LibreSCRS::Foo`
             * which are required for cross-SO polymorphism
             * (dynamic_cast, exception catch, vtable lookup of public
             * abstract bases such as `ISecureChannel`). A bare
             * `LibreSCRS::*` glob misses the `... for LibreSCRS::*`
             * forms and silently demotes class-level visibility to
             * LOCAL in the .so, breaking link of consumers that
             * downcast or instantiate the type. */
            *LibreSCRS::*;
        };
    local:
        /* Strip test-only injection helpers from the dynamic export
         * set. The `*LibreSCRS::*` global glob above would otherwise
         * authoritatively override the per-declaration
         * `LIBRESCRS_INTERNAL` hidden-visibility attribute and leak
         * these dlsym-reachable footguns into the production shared
         * library, defeating the documented runtime hardening of
         * `LibreSCRS::SmartCard::MonitorService::SubscriptionId`
         * (privatised raw-int ctor) and of
         * `LibreSCRS::SmartCard::CardSession`'s channel install path.
         *
         * The helper bodies live in the build-tree-only
         * `LibreSCRS_SmartCard_TestHelpers` archive: test executables
         * that need them link the archive alongside the production
         * target, so the symbols enter the test executable directly
         * and never need to be found in the .so at link time.
         *
         * Note: the broader `*LibreSCRS::*::detail::*` glob would
         * also be sound, but it would strip the legitimate
         * cross-`.so` plugin-reach detail helpers (e.g.
         * `SecureChannel::detail::ChannelStateMutator`,
         * `SmartCard::detail::PcscBridge::unwrap`,
         * `Certificate::detail::lookupOidName`,
         * `Signing::detail::translatePublicRequestToLibresign`,
         * `Trust::detail::TrustAnchorProvider`,
         * `Trust::detail::TrustStoreInternalAccess`,
         * `SmartCard::detail::sessionGeneration`,
         * `SmartCard::detail::makeDetachedCardSession`), each of
         * which is consumed by either a card plugin or a sibling
         * `LibreSCRS_*.so` via the `DT_NEEDED` edge.
         *
         * The narrow per-symbol list captures only the three
         * test-injection footguns plus the `MonitorFactory` friend
         * bridge they go through. */
        extern "C++" {
            *LibreSCRS::SmartCard::detail::makeMonitorWithProvider*;
            *LibreSCRS::SmartCard::detail::makeSubscriptionIdForTest*;
            *LibreSCRS::SmartCard::detail::MonitorFactory*;
            *LibreSCRS::SmartCard::detail::ChannelInjector::installForTesting*;
        };
        *;
};
