/* GNU ld version script for the public LibreSCRS_*.so libraries.
 * Whitelists LM-public C++ namespaces; everything else (bundled OpenSSL,
 * libresign internals, vendored nlohmann/miniz/pugixml, std-template
 * instantiations on internal types) collapses to local linkage.
 * See lib/LibreSCRS/CMakeLists.txt for full rationale.
 *
 * Syntax: GNU ld 2.46 — `extern "C++"` block matches against demangled
 * names; the `Foo::*;` glob covers free functions, methods, types, vtable,
 * typeinfo entries — everything tagged with namespace `Foo::`.
 */

LM_4 {
    global:
        extern "C++" {
            /* Wildcard prefix matches both bare names
             *     `LibreSCRS::Foo::bar(...)`
             * and Itanium-ABI RTTI / vtable artefacts demangled as
             *     `typeinfo for LibreSCRS::Foo`
             *     `typeinfo name for LibreSCRS::Foo`
             *     `vtable for LibreSCRS::Foo`
             *     `VTT for LibreSCRS::Foo`
             *     `construction vtable for LibreSCRS::Foo`
             * which are required for cross-SO polymorphism
             * (dynamic_cast, exception catch, vtable lookup of public
             * abstract bases such as `ISecureChannel`). A bare
             * `LibreSCRS::*` glob misses the `... for LibreSCRS::*`
             * forms and silently demotes class-level visibility to
             * LOCAL in the .so, breaking link of consumers that
             * downcast or instantiate the type. */
            *LibreSCRS::*;
        };
    local:
        /* The three test-only injection helpers
         *   `LibreSCRS::SmartCard::detail::makeMonitorWithProvider`
         *   `LibreSCRS::SmartCard::detail::makeSubscriptionIdForTest`
         *   `LibreSCRS::SmartCard::detail::ChannelInjector::installForTesting`
         * are tagged @ref LIBRESCRS_PUBLIC_API on their declarations so
         * test executables that link the SHARED LibreSCRS_SmartCard
         * .so reach them across the .so boundary. The header
         * `#ifndef LIBRESCRS_INTERNAL_BUILD #error` guard is the
         * compile-time hardening that keeps external SDK consumers
         * from seeing the declaration at all. A version-script
         * `local:` strip is incompatible with linking against the
         * .so under the SHARED-build profile: stripping these symbols
         * from the dynamic export set makes the test executables
         * unlinkable, defeating the validation matrix.
         *
         * Catch-all hides everything else not picked up by the
         * `*LibreSCRS::*` global glob (bundled OpenSSL, vendored
         * nlohmann / miniz / pugixml, libresign internals). */
        *;
};
